---
source: src/query.rs
expression: "&query_execution_results"
---
{
  "./test_crates/trait_associated_const_default_removed/": [
    {
      "associated_constant": String("ONE"),
      "default": Null,
      "path": List([
        String("trait_associated_const_default_removed"),
        String("WillLoseDefault"),
      ]),
      "span_begin_line": Uint64(6),
      "span_end_line": Uint64(6),
      "span_filename": String("src/lib.rs"),
      "visibility_limit": String("public"),
    },
  ],
}
